Archive member included to satisfy reference by file (symbol)

c:/nxp/mcuxpressoide_11.0.1_2563/ide/plugins/com.nxp.mcuxpresso.tools.win32_11.0.1.201907311258/tools/bin/../lib/gcc/arm-none-eabi/8.2.1/../../../../arm-none-eabi/lib/thumb/v6-m/nofp\libcr_semihost_nf.a(_cr__main.o)
                              ./debug/startup_mkl25z4.o (__main)
c:/nxp/mcuxpressoide_11.0.1_2563/ide/plugins/com.nxp.mcuxpresso.tools.win32_11.0.1.201907311258/tools/bin/../lib/gcc/arm-none-eabi/8.2.1/../../../../arm-none-eabi/lib/thumb/v6-m/nofp\libcr_c.a(memcpy.o)
                              ./debug/fsl_flash.o (memcpy)
c:/nxp/mcuxpressoide_11.0.1_2563/ide/plugins/com.nxp.mcuxpresso.tools.win32_11.0.1.201907311258/tools/bin/../lib/gcc/arm-none-eabi/8.2.1/../../../../arm-none-eabi/lib/thumb/v6-m/nofp\libcr_c.a(memset.o)
                              ./debug/fsl_flash.o (memset)
c:/nxp/mcuxpressoide_11.0.1_2563/ide/plugins/com.nxp.mcuxpresso.tools.win32_11.0.1.201907311258/tools/bin/../lib/gcc/arm-none-eabi/8.2.1/../../../../arm-none-eabi/lib/thumb/v6-m/nofp\libcr_c.a(alloc.o)
                              ./debug/memorytest.o (malloc)
c:/nxp/mcuxpressoide_11.0.1_2563/ide/plugins/com.nxp.mcuxpresso.tools.win32_11.0.1.201907311258/tools/bin/../lib/gcc/arm-none-eabi/8.2.1/../../../../arm-none-eabi/lib/thumb/v6-m/nofp\libcr_c.a(initio.o)
                              c:/nxp/mcuxpressoide_11.0.1_2563/ide/plugins/com.nxp.mcuxpresso.tools.win32_11.0.1.201907311258/tools/bin/../lib/gcc/arm-none-eabi/8.2.1/../../../../arm-none-eabi/lib/thumb/v6-m/nofp\libcr_semihost_nf.a(_cr__main.o) (_initio)
c:/nxp/mcuxpressoide_11.0.1_2563/ide/plugins/com.nxp.mcuxpresso.tools.win32_11.0.1.201907311258/tools/bin/../lib/gcc/arm-none-eabi/8.2.1/../../../../arm-none-eabi/lib/thumb/v6-m/nofp\libcr_c.a(printf.o)
                              ./debug/main.o (_printf)
c:/nxp/mcuxpressoide_11.0.1_2563/ide/plugins/com.nxp.mcuxpresso.tools.win32_11.0.1.201907311258/tools/bin/../lib/gcc/arm-none-eabi/8.2.1/../../../../arm-none-eabi/lib/thumb/v6-m/nofp\libcr_c.a(setvbuf.o)
                              c:/nxp/mcuxpressoide_11.0.1_2563/ide/plugins/com.nxp.mcuxpresso.tools.win32_11.0.1.201907311258/tools/bin/../lib/gcc/arm-none-eabi/8.2.1/../../../../arm-none-eabi/lib/thumb/v6-m/nofp\libcr_c.a(initio.o) (setvbuf)
c:/nxp/mcuxpressoide_11.0.1_2563/ide/plugins/com.nxp.mcuxpresso.tools.win32_11.0.1.201907311258/tools/bin/../lib/gcc/arm-none-eabi/8.2.1/../../../../arm-none-eabi/lib/thumb/v6-m/nofp\libcr_c.a(strlen.o)
                              ./debug/fsl_debug_console.o (strlen)
c:/nxp/mcuxpressoide_11.0.1_2563/ide/plugins/com.nxp.mcuxpresso.tools.win32_11.0.1.201907311258/tools/bin/../lib/gcc/arm-none-eabi/8.2.1/../../../../arm-none-eabi/lib/thumb/v6-m/nofp\libcr_c.a(__init_alloc.o)
                              c:/nxp/mcuxpressoide_11.0.1_2563/ide/plugins/com.nxp.mcuxpresso.tools.win32_11.0.1.201907311258/tools/bin/../lib/gcc/arm-none-eabi/8.2.1/../../../../arm-none-eabi/lib/thumb/v6-m/nofp\libcr_c.a(alloc.o) (__heaps)
c:/nxp/mcuxpressoide_11.0.1_2563/ide/plugins/com.nxp.mcuxpresso.tools.win32_11.0.1.201907311258/tools/bin/../lib/gcc/arm-none-eabi/8.2.1/../../../../arm-none-eabi/lib/thumb/v6-m/nofp\libcr_c.a(_cr_sbrk.o)
                              c:/nxp/mcuxpressoide_11.0.1_2563/ide/plugins/com.nxp.mcuxpresso.tools.win32_11.0.1.201907311258/tools/bin/../lib/gcc/arm-none-eabi/8.2.1/../../../../arm-none-eabi/lib/thumb/v6-m/nofp\libcr_c.a(alloc.o) (_sbrk)
c:/nxp/mcuxpressoide_11.0.1_2563/ide/plugins/com.nxp.mcuxpresso.tools.win32_11.0.1.201907311258/tools/bin/../lib/gcc/arm-none-eabi/8.2.1/../../../../arm-none-eabi/lib/thumb/v6-m/nofp\libcr_c.a(_deferredlazyseek.o)
                              c:/nxp/mcuxpressoide_11.0.1_2563/ide/plugins/com.nxp.mcuxpresso.tools.win32_11.0.1.201907311258/tools/bin/../lib/gcc/arm-none-eabi/8.2.1/../../../../arm-none-eabi/lib/thumb/v6-m/nofp\libcr_c.a(printf.o) (__flsbuf)
c:/nxp/mcuxpressoide_11.0.1_2563/ide/plugins/com.nxp.mcuxpresso.tools.win32_11.0.1.201907311258/tools/bin/../lib/gcc/arm-none-eabi/8.2.1/../../../../arm-none-eabi/lib/thumb/v6-m/nofp\libcr_c.a(_fdopen.o)
                              c:/nxp/mcuxpressoide_11.0.1_2563/ide/plugins/com.nxp.mcuxpresso.tools.win32_11.0.1.201907311258/tools/bin/../lib/gcc/arm-none-eabi/8.2.1/../../../../arm-none-eabi/lib/thumb/v6-m/nofp\libcr_c.a(initio.o) (_fdopen)
c:/nxp/mcuxpressoide_11.0.1_2563/ide/plugins/com.nxp.mcuxpresso.tools.win32_11.0.1.201907311258/tools/bin/../lib/gcc/arm-none-eabi/8.2.1/../../../../arm-none-eabi/lib/thumb/v6-m/nofp\libcr_c.a(_fflush.o)
                              c:/nxp/mcuxpressoide_11.0.1_2563/ide/plugins/com.nxp.mcuxpresso.tools.win32_11.0.1.201907311258/tools/bin/../lib/gcc/arm-none-eabi/8.2.1/../../../../arm-none-eabi/lib/thumb/v6-m/nofp\libcr_c.a(_deferredlazyseek.o) (_fflush)
[...]
Memory Configuration

Name             Origin             Length             Attributes
PROGRAM_FLASH    0x00000000         0x00020000         xr
SRAM             0x1ffff000         0x00004000         xrw
*default*        0x00000000         0xffffffff

Linker script and memory map

LOAD ./debug/startup_mkl25z4.o
LOAD ./debug/system_MKL25Z4.o
LOAD ./debug/board.o
LOAD ./debug/clock_config.o
LOAD ./debug/peripherals.o
LOAD ./debug/pin_mux.o
LOAD ./debug/fsl_clock.o
LOAD ./debug/fsl_common.o
LOAD ./debug/fsl_flash.o
LOAD ./debug/fsl_gpio.o
LOAD ./debug/fsl_lpsci.o
LOAD ./debug/fsl_smc.o
LOAD ./debug/fsl_uart.o
LOAD ./debug/fsl_debug_console.o
LOAD ./debug/main.o
LOAD ./debug/led_blink.o
LOAD ./debug/logger.o
LOAD ./debug/memorytest.o
LOAD ./debug/pattern_gen.o
START GROUP
LOAD c:/nxp/mcuxpressoide_11.0.1_2563/ide/plugins/com.nxp.mcuxpresso.tools.win32_11.0.1.201907311258/tools/bin/../lib/gcc/arm-none-eabi/8.2.1/../../../../arm-none-eabi/lib/thumb/v6-m/nofp\libcr_semihost_nf.a
LOAD c:/nxp/mcuxpressoide_11.0.1_2563/ide/plugins/com.nxp.mcuxpresso.tools.win32_11.0.1.201907311258/tools/bin/../lib/gcc/arm-none-eabi/8.2.1/../../../../arm-none-eabi/lib/thumb/v6-m/nofp\libcr_c.a
LOAD c:/nxp/mcuxpressoide_11.0.1_2563/ide/plugins/com.nxp.mcuxpresso.tools.win32_11.0.1.201907311258/tools/bin/../lib/gcc/arm-none-eabi/8.2.1/thumb/v6-m/nofp\libcr_eabihelpers.a
END GROUP
                0x00000000                __base_PROGRAM_FLASH = 0x0
                0x00000000                __base_Flash = 0x0
                0x00020000                __top_PROGRAM_FLASH = 0x20000
                0x00020000                __top_Flash = 0x20000
                0x1ffff000                __base_SRAM = 0x1ffff000
                0x1ffff000                __base_RAM = 0x1ffff000
                0x20003000                __top_SRAM = 0x20003000
                0x20003000                __top_RAM = 0x20003000

.text           0x00000000     0x4c5c
 FILL mask 0xff
                0x00000000                __vectors_start__ = ABSOLUTE (.)
 *(.isr_vector)
 .isr_vector    0x00000000       0xc0 ./debug/startup_mkl25z4.o
                0x00000000                g_pfnVectors
                0x00000000                __Vectors
                0x000000c0                . = ALIGN (0x4)
                0x000000c0                __section_table_start = .
                0x000000c0                __data_section_table = .
                0x000000c0        0x4 LONG 0x4c5c LOADADDR (.data)
                0x000000c4        0x4 LONG 0x1ffff000 ADDR (.data)
                0x000000c8        0x4 LONG 0x8 SIZEOF (.data)
                0x000000cc                __data_section_table_end = .
                0x000000cc                __bss_section_table = .
                0x000000cc        0x4 LONG 0x1ffff008 ADDR (.bss)
                0x000000d0        0x4 LONG 0x134 SIZEOF (.bss)
                0x000000d4                __bss_section_table_end = .
                0x000000d4                __section_table_end = .
 *(.after_vectors*)
 .after_vectors.init_data
                0x000000d4       0x12 ./debug/startup_mkl25z4.o
                0x000000d4                data_init
 .after_vectors.init_bss
                0x000000e6       0x10 ./debug/startup_mkl25z4.o
                0x000000e6                bss_init
 *fill*         0x000000f6        0x2 ff
 .after_vectors.reset
                0x000000f8       0x4c ./debug/startup_mkl25z4.o
                0x000000f8                ResetISR
 .after_vectors
                0x00000144      0x10c ./debug/startup_mkl25z4.o
                0x00000144                NMI_Handler
                0x00000146                HardFault_Handler
                0x00000148                SVC_Handler
                0x0000014a                PendSV_Handler
                0x0000014c                SysTick_Handler
                0x0000014e                LPTMR0_DriverIRQHandler
                0x0000014e                Reserved39_DriverIRQHandler
                0x0000014e                I2C0_DriverIRQHandler
                0x0000014e                SPI1_DriverIRQHandler
                0x0000014e                DMA0_DriverIRQHandler
                0x0000014e                PORTD_DriverIRQHandler
                0x0000014e                DMA2_DriverIRQHandler
                0x0000014e                CMP0_DriverIRQHandler
                0x0000014e                TPM2_DriverIRQHandler
                0x0000014e                ADC0_DriverIRQHandler
                0x0000014e                SPI0_DriverIRQHandler
                0x0000014e                TSI0_DriverIRQHandler
                0x0000014e                RTC_Seconds_DriverIRQHandler
                0x0000014e                I2C1_DriverIRQHandler
                0x0000014e                DMA3_DriverIRQHandler
                0x0000014e                LLWU_DriverIRQHandler
                0x0000014e                MCG_DriverIRQHandler
                0x0000014e                DMA1_DriverIRQHandler
                0x0000014e                PIT_DriverIRQHandler
                0x0000014e                RTC_DriverIRQHandler
                0x0000014e                FTFA_DriverIRQHandler
                0x0000014e                IntDefaultHandler
                0x0000014e                USB0_DriverIRQHandler
                0x0000014e                DAC0_DriverIRQHandler
                0x0000014e                TPM1_DriverIRQHandler
                0x0000014e                LVD_LVW_DriverIRQHandler
                0x0000014e                TPM0_DriverIRQHandler
                0x0000014e                PORTA_DriverIRQHandler
                0x0000014e                Reserved20_DriverIRQHandler
                0x0000014e                Reserved45_DriverIRQHandler
                0x00000150                DMA0_IRQHandler
                0x00000158                DMA1_IRQHandler
                0x00000160                DMA2_IRQHandler
                0x00000168                DMA3_IRQHandler
                0x00000170                Reserved20_IRQHandler
                0x00000178                FTFA_IRQHandler
                0x00000180                LVD_LVW_IRQHandler
                0x00000188                LLWU_IRQHandler
                0x00000190                I2C0_IRQHandler
                0x00000198                I2C1_IRQHandler
                0x000001a0                SPI0_IRQHandler
                0x000001a8                SPI1_IRQHandler
                0x000001b0                UART0_IRQHandler
                0x000001b8                UART1_IRQHandler
                0x000001c0                UART2_IRQHandler
                0x000001c8                ADC0_IRQHandler
                0x000001d0                CMP0_IRQHandler
                0x000001d8                TPM0_IRQHandler
                0x000001e0                TPM1_IRQHandler
                0x000001e8                TPM2_IRQHandler
                0x000001f0                RTC_IRQHandler
                0x000001f8                RTC_Seconds_IRQHandler
                0x00000200                PIT_IRQHandler
                0x00000208                Reserved39_IRQHandler
                0x00000210                USB0_IRQHandler
                0x00000218                DAC0_IRQHandler
                0x00000220                TSI0_IRQHandler
                0x00000228                MCG_IRQHandler
                0x00000230                LPTMR0_IRQHandler
                0x00000238                Reserved45_IRQHandler
                0x00000240                PORTA_IRQHandler
                0x00000248                PORTD_IRQHandler
                0x00000400                . = 0x400
 *fill*         0x00000250      0x1b0 ff
                0x00000400                PROVIDE (__FLASH_CONFIG_START__ = .)
 *(.FlashConfig)
 .FlashConfig   0x00000400       0x10 ./debug/startup_mkl25z4.o
                0x00000400                Flash_Config
                0x00000410                PROVIDE (__FLASH_CONFIG_END__ = .)
                0x00000001                ASSERT (! ((__FLASH_CONFIG_START__ == __FLASH_CONFIG_END__)), Linker Flash Config Support Enabled, but no .FlashConfig section provided within application)
 *(.text*)
 .text.SystemInit
                0x00000410       0x18 ./debug/system_MKL25Z4.o
                0x00000410                SystemInit
 .text.CLOCK_SetLpsci0Clock
                0x00000428       0x38 ./debug/board.o
 .text.BOARD_InitDebugConsole
                0x00000460       0x30 ./debug/board.o
                0x00000460                BOARD_InitDebugConsole
 .text.CLOCK_SetSimSafeDivs
                0x00000490       0x20 ./debug/clock_config.o
 .text.CLOCK_SetXtal0Freq
                0x000004b0       0x1c ./debug/clock_config.o
 .text.CLOCK_CONFIG_SetFllExtRefDiv
                0x000004cc       0x3c ./debug/clock_config.o
 .text.BOARD_InitBootClocks
                0x00000508        0xe ./debug/clock_config.o
                0x00000508                BOARD_InitBootClocks
 *fill*         0x00000516        0x2 ff
 .text.BOARD_BootClockRUN
                0x00000518       0x64 ./debug/clock_config.o
                0x00000518                BOARD_BootClockRUN
 .text.BOARD_InitBootPeripherals
                0x0000057c        0xa ./debug/peripherals.o
                0x0000057c                BOARD_InitBootPeripherals
 *fill*         0x00000586        0x2 ff
 .text.CLOCK_EnableClock
                0x00000588       0x34 ./debug/pin_mux.o
 .text.PORT_SetPinMux
                0x000005bc       0x40 ./debug/pin_mux.o
 .text.BOARD_InitBootPins
                0x000005fc        0xe ./debug/pin_mux.o
                0x000005fc                BOARD_InitBootPins
 *fill*         0x0000060a        0x2 ff
 .text.BOARD_InitPins
                0x0000060c       0x90 ./debug/pin_mux.o
                0x0000060c                BOARD_InitPins
 .text.CLOCK_SetEr32kClock
                0x0000069c       0x34 ./debug/fsl_clock.o
 .text.CLOCK_SetPllFllSelClock
                0x000006d0       0x38 ./debug/fsl_clock.o
 .text.OSC_SetExtRefClkConfig
                0x00000708       0x3e ./debug/fsl_clock.o
 .text.OSC_SetCapLoad
                0x00000746       0x42 ./debug/fsl_clock.o
 .text.CLOCK_GetMcgExtClkFreq
                0x00000788       0x28 ./debug/fsl_clock.o
 .text.CLOCK_GetFllExtRefClkFreq
                0x000007b0       0xa4 ./debug/fsl_clock.o
 .text.CLOCK_GetFllRefClkFreq
                0x00000854       0x2c ./debug/fsl_clock.o
 .text.CLOCK_GetPll0RefFreq
                0x00000880       0x10 ./debug/fsl_clock.o
 .text.CLOCK_GetOscRangeFromFreq
                0x00000890       0x4c ./debug/fsl_clock.o
 .text.CLOCK_GetPllFllSelClkFreq
                0x000008dc       0x4c ./debug/fsl_clock.o
                0x000008dc                CLOCK_GetPllFllSelClkFreq
 .text.CLOCK_SetSimConfig
                0x00000928       0x38 ./debug/fsl_clock.o
                0x00000928                CLOCK_SetSimConfig
 .text.CLOCK_GetFllFreq
                0x00000960       0x84 ./debug/fsl_clock.o
                0x00000960                CLOCK_GetFllFreq
 .text.CLOCK_GetPll0Freq
                0x000009e4       0x70 ./debug/fsl_clock.o
                0x000009e4                CLOCK_GetPll0Freq
 .text.CLOCK_SetExternalRefClkConfig
                0x00000a54       0x16 ./debug/fsl_clock.o
                0x00000a54                CLOCK_SetExternalRefClkConfig
 *fill*         0x00000a6a        0x2 ff
 .text.CLOCK_SetInternalRefClkConfig
                0x00000a6c      0x124 ./debug/fsl_clock.o
                0x00000a6c                CLOCK_SetInternalRefClkConfig
 .text.CLOCK_EnablePll0
                0x00000b90       0x90 ./debug/fsl_clock.o
                0x00000b90                CLOCK_EnablePll0
 .text.CLOCK_InitOsc0
                0x00000c20       0x94 ./debug/fsl_clock.o
                0x00000c20                CLOCK_InitOsc0
 .text.CLOCK_SetPbeMode
                0x00000cb4       0xb0 ./debug/fsl_clock.o
                0x00000cb4                CLOCK_SetPbeMode
 .text.CLOCK_BootToPeeMode
                0x00000d64       0x70 ./debug/fsl_clock.o
                0x00000d64                CLOCK_BootToPeeMode
 .text.__assertion_failed
                0x00000dd4       0x1c ./debug/fsl_common.o
                0x00000dd4                __assertion_failed
 .text.CLOCK_EnableClock
                0x00000df0       0x34 ./debug/fsl_lpsci.o
 .text.LPSCI_GetInstance
                0x00000e24       0x48 ./debug/fsl_lpsci.o
                0x00000e24                LPSCI_GetInstance
 .text.LPSCI_Init
                0x00000e6c      0x258 ./debug/fsl_lpsci.o
                0x00000e6c                LPSCI_Init
 .text.LPSCI_GetDefaultConfig
                0x000010c4       0x44 ./debug/fsl_lpsci.o
                0x000010c4                LPSCI_GetDefaultConfig
 .text.LPSCI_GetStatusFlags
                0x00001108       0x26 ./debug/fsl_lpsci.o
                0x00001108                LPSCI_GetStatusFlags
 *fill*         0x0000112e        0x2 ff
 .text.LPSCI_ClearStatusFlags
                0x00001130       0x94 ./debug/fsl_lpsci.o
                0x00001130                LPSCI_ClearStatusFlags
 .text.LPSCI_WriteBlocking
                0x000011c4       0x4c ./debug/fsl_lpsci.o
                0x000011c4                LPSCI_WriteBlocking
 .text.LPSCI_ReadBlocking
                0x00001210       0xc0 ./debug/fsl_lpsci.o
                0x00001210                LPSCI_ReadBlocking
 .text.UART0_DriverIRQHandler
                0x000012d0       0x24 ./debug/fsl_lpsci.o
                0x000012d0                UART0_DriverIRQHandler
 .text.CLOCK_EnableClock
                0x000012f4       0x34 ./debug/fsl_uart.o
 .text.UART_GetInstance
                0x00001328       0x54 ./debug/fsl_uart.o
                0x00001328                UART_GetInstance
 .text.UART_Init
                0x0000137c      0x1e0 ./debug/fsl_uart.o
                0x0000137c                UART_Init
 .text.UART_GetDefaultConfig
                0x0000155c       0x44 ./debug/fsl_uart.o
                0x0000155c                UART_GetDefaultConfig
 .text.UART_GetStatusFlags
                0x000015a0       0x26 ./debug/fsl_uart.o
                0x000015a0                UART_GetStatusFlags
 .text.UART_WriteBlocking
                0x000015c6       0x3a ./debug/fsl_uart.o
                0x000015c6                UART_WriteBlocking
 .text.UART_ReadBlocking
                0x00001600       0x98 ./debug/fsl_uart.o
                0x00001600                UART_ReadBlocking
 .text.UART1_DriverIRQHandler
                0x00001698       0x24 ./debug/fsl_uart.o
                0x00001698                UART1_DriverIRQHandler
 .text.UART2_DriverIRQHandler
                0x000016bc       0x24 ./debug/fsl_uart.o
                0x000016bc                UART2_DriverIRQHandler
 .text.UART_EnableTx
                0x000016e0       0x40 ./debug/fsl_debug_console.o
 .text.UART_EnableRx
                0x00001720       0x40 ./debug/fsl_debug_console.o
 .text.LPSCI_EnableTx
                0x00001760       0x40 ./debug/fsl_debug_console.o
 .text.LPSCI_EnableRx
                0x000017a0       0x40 ./debug/fsl_debug_console.o
 .text.DbgConsole_Init
                0x000017e0       0xf0 ./debug/fsl_debug_console.o
                0x000017e0                DbgConsole_Init
 .text.DbgConsole_Printf
                0x000018d0       0x44 ./debug/fsl_debug_console.o
                0x000018d0                DbgConsole_Printf
 .text.DbgConsole_Putchar
                0x00001914       0x34 ./debug/fsl_debug_console.o
                0x00001914                DbgConsole_Putchar
 .text.DbgConsole_PrintfPaddingCharacter
                0x00001948       0x46 ./debug/fsl_debug_console.o
 .text.DbgConsole_ConvertRadixNumToString
                0x0000198e      0x114 ./debug/fsl_debug_console.o
 .text.DbgConsole_PrintfFormattedData
                0x00001aa2      0x336 ./debug/fsl_debug_console.o
 .text.main     0x00001dd8      0x498 ./debug/main.o
                0x00001dd8                main
 .text.pointer_length
                0x00002270       0x58 ./debug/main.o
                0x00002270                pointer_length
 .text.GPIO_WritePinOutput
                0x000022c8       0x34 ./debug/led_blink.o
 .text.GPIO_SetPinsOutput
                0x000022fc       0x18 ./debug/led_blink.o
 .text.GPIO_ClearPinsOutput
                0x00002314       0x18 ./debug/led_blink.o
 .text.turn_on_led_color
                0x0000232c      0x14c ./debug/led_blink.o
                0x0000232c                turn_on_led_color
 .text.delay    0x00002478       0x38 ./debug/led_blink.o
                0x00002478                delay
 .text.log_disable
                0x000024b0       0x14 ./debug/logger.o
                0x000024b0                log_disable
 .text.log_data
                0x000024c4       0x40 ./debug/logger.o
                0x000024c4                log_data
 .text.log_string
                0x00002504       0x10 ./debug/logger.o
                0x00002504                log_string
 .text.log_integer
                0x00002514       0x40 ./debug/logger.o
                0x00002514                log_integer
 .text.allocate_words
                0x00002554       0x38 ./debug/memorytest.o
                0x00002554                allocate_words
 .text.free_words
                0x0000258c       0x2c ./debug/memorytest.o
                0x0000258c                free_words
 .text.display_memory
                0x000025b8       0x14 ./debug/memorytest.o
                0x000025b8                display_memory
 .text.write_memory
                0x000025cc       0x3c ./debug/memorytest.o
                0x000025cc                write_memory
 .text.invert_block
                0x00002608       0x5c ./debug/memorytest.o
                0x00002608                invert_block
 .text.write_pattern
                0x00002664       0x36 ./debug/memorytest.o
                0x00002664                write_pattern
 *fill*         0x0000269a        0x2 ff
 .text.verify_pattern
                0x0000269c      0x168 ./debug/memorytest.o
                0x0000269c                verify_pattern
 .text.get_address
                0x00002804       0x26 ./debug/memorytest.o
                0x00002804                get_address
 .text.gen_pattern
                0x0000282a      0x15c ./debug/pattern_gen.o
                0x0000282a                gen_pattern
 .text.__main   0x00002986        0xc c:/nxp/mcuxpressoide_11.0.1_2563/ide/plugins/com.nxp.mcuxpresso.tools.win32_11.0.1.201907311258/tools/bin/../lib/gcc/arm-none-eabi/8.2.1/../../../../arm-none-eabi/lib/thumb/v6-m/nofp\libcr_semihost_nf.a(_cr__main.o)
                0x00002986                __CR_SEMIHOST
                0x00002986                __main
 .text.memset   0x00002992        0x8 c:/nxp/mcuxpressoide_11.0.1_2563/ide/plugins/com.nxp.mcuxpresso.tools.win32_11.0.1.201907311258/tools/bin/../lib/gcc/arm-none-eabi/8.2.1/../../../../arm-none-eabi/lib/thumb/v6-m/nofp\libcr_c.a(memset.o)
                0x00002992                memset
 *fill*         0x0000299a        0x2 ff
 .text.malloc   0x0000299c       0xcc c:/nxp/mcuxpressoide_11.0.1_2563/ide/plugins/com.nxp.mcuxpresso.tools.win32_11.0.1.201907311258/tools/bin/../lib/gcc/arm-none-eabi/8.2.1/../../../../arm-none-eabi/lib/thumb/v6-m/nofp\libcr_c.a(alloc.o)
                0x0000299c                malloc
 .text.free     0x00002a68       0x2c c:/nxp/mcuxpressoide_11.0.1_2563/ide/plugins/com.nxp.mcuxpresso.tools.win32_11.0.1.201907311258/tools/bin/../lib/gcc/arm-none-eabi/8.2.1/../../../../arm-none-eabi/lib/thumb/v6-m/nofp\libcr_c.a(alloc.o)
                0x00002a68                free
 .text._Csys_alloc
                0x00002a94       0x20 c:/nxp/mcuxpressoide_11.0.1_2563/ide/plugins/com.nxp.mcuxpresso.tools.win32_11.0.1.201907311258/tools/bin/../lib/gcc/arm-none-eabi/8.2.1/../../../../arm-none-eabi/lib/thumb/v6-m/nofp\libcr_c.a(alloc.o)
                0x00002a94                _Csys_alloc
 .text._initio  0x00002ab4       0x7c c:/nxp/mcuxpressoide_11.0.1_2563/ide/plugins/com.nxp.mcuxpresso.tools.win32_11.0.1.201907311258/tools/bin/../lib/gcc/arm-none-eabi/8.2.1/../../../../arm-none-eabi/lib/thumb/v6-m/nofp\libcr_c.a(initio.o)
                0x00002ab4                _initio
 .text.no_fp_display
                0x00002b30        0x4 c:/nxp/mcuxpressoide_11.0.1_2563/ide/plugins/com.nxp.mcuxpresso.tools.win32_11.0.1.201907311258/tools/bin/../lib/gcc/arm-none-eabi/8.2.1/../../../../arm-none-eabi/lib/thumb/v6-m/nofp\libcr_c.a(printf.o)
 .text.__vfprintf
                0x00002b34      0xcd8 c:/nxp/mcuxpressoide_11.0.1_2563/ide/plugins/com.nxp.mcuxpresso.tools.win32_11.0.1.201907311258/tools/bin/../lib/gcc/arm-none-eabi/8.2.1/../../../../arm-none-eabi/lib/thumb/v6-m/nofp\libcr_c.a(printf.o)
                0x00002b34                __vfprintf
 .text._vsnprintf
                0x0000380c       0x70 c:/nxp/mcuxpressoide_11.0.1_2563/ide/plugins/com.nxp.mcuxpresso.tools.win32_11.0.1.201907311258/tools/bin/../lib/gcc/arm-none-eabi/8.2.1/../../../../arm-none-eabi/lib/thumb/v6-m/nofp\libcr_c.a(printf.o)
                0x0000380c                _vsnprintf
 .text._printf  0x0000387c       0x50 c:/nxp/mcuxpressoide_11.0.1_2563/ide/plugins/com.nxp.mcuxpresso.tools.win32_11.0.1.201907311258/tools/bin/../lib/gcc/arm-none-eabi/8.2.1/../../../../arm-none-eabi/lib/thumb/v6-m/nofp\libcr_c.a(printf.o)
                0x0000387c                _printf
 .text.setvbuf  0x000038cc       0x4c c:/nxp/mcuxpressoide_11.0.1_2563/ide/plugins/com.nxp.mcuxpresso.tools.win32_11.0.1.201907311258/tools/bin/../lib/gcc/arm-none-eabi/8.2.1/../../../../arm-none-eabi/lib/thumb/v6-m/nofp\libcr_c.a(setvbuf.o)
                0x000038cc                setvbuf
 .text.strlen   0x00003918       0x58 c:/nxp/mcuxpressoide_11.0.1_2563/ide/plugins/com.nxp.mcuxpresso.tools.win32_11.0.1.201907311258/tools/bin/../lib/gcc/arm-none-eabi/8.2.1/../../../../arm-none-eabi/lib/thumb/v6-m/nofp\libcr_c.a(strlen.o)
                0x00003918                strlen
 .text._sbrk    0x00003970       0x40 c:/nxp/mcuxpressoide_11.0.1_2563/ide/plugins/com.nxp.mcuxpresso.tools.win32_11.0.1.201907311258/tools/bin/../lib/gcc/arm-none-eabi/8.2.1/../../../../arm-none-eabi/lib/thumb/v6-m/nofp\libcr_c.a(_cr_sbrk.o)
                0x00003970                _sbrk
 .text._deferredlazyseek
                0x000039b0       0x40 c:/nxp/mcuxpressoide_11.0.1_2563/ide/plugins/com.nxp.mcuxpresso.tools.win32_11.0.1.201907311258/tools/bin/../lib/gcc/arm-none-eabi/8.2.1/../../../../arm-none-eabi/lib/thumb/v6-m/nofp\libcr_c.a(_deferredlazyseek.o)
                0x000039b0                _deferredlazyseek
 .text.__flsbuf
                0x000039f0      0x14c c:/nxp/mcuxpressoide_11.0.1_2563/ide/plugins/com.nxp.mcuxpresso.tools.win32_11.0.1.201907311258/tools/bin/../lib/gcc/arm-none-eabi/8.2.1/../../../../arm-none-eabi/lib/thumb/v6-m/nofp\libcr_c.a(_deferredlazyseek.o)
                0x000039f0                __flsbuf
 .text._fdopen  0x00003b3c       0x74 c:/nxp/mcuxpressoide_11.0.1_2563/ide/plugins/com.nxp.mcuxpresso.tools.win32_11.0.1.201907311258/tools/bin/../lib/gcc/arm-none-eabi/8.2.1/../../../../arm-none-eabi/lib/thumb/v6-m/nofp\libcr_c.a(_fdopen.o)
                0x00003b3c                _fdopen
 .text._fflush  0x00003bb0       0x5c c:/nxp/mcuxpressoide_11.0.1_2563/ide/plugins/com.nxp.mcuxpresso.tools.win32_11.0.1.201907311258/tools/bin/../lib/gcc/arm-none-eabi/8.2.1/../../../../arm-none-eabi/lib/thumb/v6-m/nofp\libcr_c.a(_fflush.o)
                0x00003bb0                _fflush
 .text._Cwritebuf
                0x00003c0c       0x68 c:/nxp/mcuxpressoide_11.0.1_2563/ide/plugins/com.nxp.mcuxpresso.tools.win32_11.0.1.201907311258/tools/bin/../lib/gcc/arm-none-eabi/8.2.1/../../../../arm-none-eabi/lib/thumb/v6-m/nofp\libcr_c.a(_writebuf.o)
                0x00003c0c                _Cwritebuf
 .text.fclose   0x00003c74       0x5c c:/nxp/mcuxpressoide_11.0.1_2563/ide/plugins/com.nxp.mcuxpresso.tools.win32_11.0.1.201907311258/tools/bin/../lib/gcc/arm-none-eabi/8.2.1/../../../../arm-none-eabi/lib/thumb/v6-m/nofp\libcr_c.a(fclose.o)
                0x00003c74                fclose
 .text.fflush   0x00003cd0       0x44 c:/nxp/mcuxpressoide_11.0.1_2563/ide/plugins/com.nxp.mcuxpresso.tools.win32_11.0.1.201907311258/tools/bin/../lib/gcc/arm-none-eabi/8.2.1/../../../../arm-none-eabi/lib/thumb/v6-m/nofp\libcr_c.a(fflush.o)
                0x00003cd0                fflush
 .text.fseek    0x00003d14       0xf0 c:/nxp/mcuxpressoide_11.0.1_2563/ide/plugins/com.nxp.mcuxpresso.tools.win32_11.0.1.201907311258/tools/bin/../lib/gcc/arm-none-eabi/8.2.1/../../../../arm-none-eabi/lib/thumb/v6-m/nofp\libcr_c.a(fseek.o)
                0x00003d14                fseek
 .text.ftell    0x00003e04       0x48 c:/nxp/mcuxpressoide_11.0.1_2563/ide/plugins/com.nxp.mcuxpresso.tools.win32_11.0.1.201907311258/tools/bin/../lib/gcc/arm-none-eabi/8.2.1/../../../../arm-none-eabi/lib/thumb/v6-m/nofp\libcr_c.a(ftell.o)
                0x00003e04                ftell
 .text.remove   0x00003e4c       0x12 c:/nxp/mcuxpressoide_11.0.1_2563/ide/plugins/com.nxp.mcuxpresso.tools.win32_11.0.1.201907311258/tools/bin/../lib/gcc/arm-none-eabi/8.2.1/../../../../arm-none-eabi/lib/thumb/v6-m/nofp\libcr_c.a(remove.o)
                0x00003e4c                remove
 *fill*         0x00003e5e        0x2 ff
 .text.__check_heap_overflow
                0x00003e60       0x14 c:/nxp/mcuxpressoide_11.0.1_2563/ide/plugins/com.nxp.mcuxpresso.tools.win32_11.0.1.201907311258/tools/bin/../lib/gcc/arm-none-eabi/8.2.1/../../../../arm-none-eabi/lib/thumb/v6-m/nofp\libcr_c.a(_cr_check_heap.o)
                0x00003e60                __check_heap_overflow
 .text._do_fflush
                0x00003e74       0x44 c:/nxp/mcuxpressoide_11.0.1_2563/ide/plugins/com.nxp.mcuxpresso.tools.win32_11.0.1.201907311258/tools/bin/../lib/gcc/arm-none-eabi/8.2.1/../../../../arm-none-eabi/lib/thumb/v6-m/nofp\libcr_c.a(_do_fflush.o)
                0x00003e74                _do_fflush
 .text.__aeabi_division_idivmod
                0x00003eb8       0x78 c:/nxp/mcuxpressoide_11.0.1_2563/ide/plugins/com.nxp.mcuxpresso.tools.win32_11.0.1.201907311258/tools/bin/../lib/gcc/arm-none-eabi/8.2.1/thumb/v6-m/nofp\libcr_eabihelpers.a(division_32.o)
                0x00003eb8                __aeabi_idivmod
                0x00003eb8                __aeabi_idiv
                0x00003ebe                __aeabi_uidivmod
                0x00003ebe                __aeabi_uidiv
 .text.__aeabi_division_idiv0
                0x00003f30        0x2 c:/nxp/mcuxpressoide_11.0.1_2563/ide/plugins/com.nxp.mcuxpresso.tools.win32_11.0.1.201907311258/tools/bin/../lib/gcc/arm-none-eabi/8.2.1/thumb/v6-m/nofp\libcr_eabihelpers.a(division_idiv0.o)
                0x00003f30                __aeabi_idiv0
 .text.__aeabi_llong_lmul
                0x00003f32       0x2e c:/nxp/mcuxpressoide_11.0.1_2563/ide/plugins/com.nxp.mcuxpresso.tools.win32_11.0.1.201907311258/tools/bin/../lib/gcc/arm-none-eabi/8.2.1/thumb/v6-m/nofp\libcr_eabihelpers.a(llong.o)
                0x00003f32                __aeabi_lmul
 .text.__aeabi_memset_lowlevel
                0x00003f60       0x2a c:/nxp/mcuxpressoide_11.0.1_2563/ide/plugins/com.nxp.mcuxpresso.tools.win32_11.0.1.201907311258/tools/bin/../lib/gcc/arm-none-eabi/8.2.1/thumb/v6-m/nofp\libcr_eabihelpers.a(memcpy.o)
                0x00003f60                __aeabi_lowlevel_memset
 *fill*         0x00003f8a        0x2 ff
 .text.__sys_appexit
                0x00003f8c        0xc c:/nxp/mcuxpressoide_11.0.1_2563/ide/plugins/com.nxp.mcuxpresso.tools.win32_11.0.1.201907311258/tools/bin/../lib/gcc/arm-none-eabi/8.2.1/../../../../arm-none-eabi/lib/thumb/v6-m/nofp\libcr_semihost_nf.a(__sys_appexit.o)
                0x00003f8c                __sys_appexit
                0x00003f8c                __exit
 .text.__sys_close
                0x00003f98        0xc c:/nxp/mcuxpressoide_11.0.1_2563/ide/plugins/com.nxp.mcuxpresso.tools.win32_11.0.1.201907311258/tools/bin/../lib/gcc/arm-none-eabi/8.2.1/../../../../arm-none-eabi/lib/thumb/v6-m/nofp\libcr_semihost_nf.a(__sys_close.o)
                0x00003f98                __sys_close
 .text.__sys_flen
                0x00003fa4        0xc c:/nxp/mcuxpressoide_11.0.1_2563/ide/plugins/com.nxp.mcuxpresso.tools.win32_11.0.1.201907311258/tools/bin/../lib/gcc/arm-none-eabi/8.2.1/../../../../arm-none-eabi/lib/thumb/v6-m/nofp\libcr_semihost_nf.a(__sys_flen.o)
                0x00003fa4                __sys_flen
 .text.__sys_istty
                0x00003fb0        0xc c:/nxp/mcuxpressoide_11.0.1_2563/ide/plugins/com.nxp.mcuxpresso.tools.win32_11.0.1.201907311258/tools/bin/../lib/gcc/arm-none-eabi/8.2.1/../../../../arm-none-eabi/lib/thumb/v6-m/nofp\libcr_semihost_nf.a(__sys_istty.o)
                0x00003fb0                __sys_istty
 .text.__sys_remove
                0x00003fbc        0xc c:/nxp/mcuxpressoide_11.0.1_2563/ide/plugins/com.nxp.mcuxpresso.tools.win32_11.0.1.201907311258/tools/bin/../lib/gcc/arm-none-eabi/8.2.1/../../../../arm-none-eabi/lib/thumb/v6-m/nofp\libcr_semihost_nf.a(__sys_remove.o)
                0x00003fbc                __sys_remove
 .text.__sys_seek
                0x00003fc8        0xc c:/nxp/mcuxpressoide_11.0.1_2563/ide/plugins/com.nxp.mcuxpresso.tools.win32_11.0.1.201907311258/tools/bin/../lib/gcc/arm-none-eabi/8.2.1/../../../../arm-none-eabi/lib/thumb/v6-m/nofp\libcr_semihost_nf.a(__sys_seek.o)
                0x00003fc8                __sys_seek
 .text.__sys_tmpnam
                0x00003fd4        0xc c:/nxp/mcuxpressoide_11.0.1_2563/ide/plugins/com.nxp.mcuxpresso.tools.win32_11.0.1.201907311258/tools/bin/../lib/gcc/arm-none-eabi/8.2.1/../../../../arm-none-eabi/lib/thumb/v6-m/nofp\libcr_semihost_nf.a(__sys_tmpnam.o)
                0x00003fd4                __sys_tmpnam
 .text.__sys_write
                0x00003fe0        0xc c:/nxp/mcuxpressoide_11.0.1_2563/ide/plugins/com.nxp.mcuxpresso.tools.win32_11.0.1.201907311258/tools/bin/../lib/gcc/arm-none-eabi/8.2.1/../../../../arm-none-eabi/lib/thumb/v6-m/nofp\libcr_semihost_nf.a(__sys_write.o)
                0x00003fe0                __sys_write
 *(.rodata .rodata.* .constdata .constdata.*)
 .rodata.mcgConfig_BOARD_BootClockRUN
                0x00003fec        0xa ./debug/clock_config.o
                0x00003fec                mcgConfig_BOARD_BootClockRUN
 *fill*         0x00003ff6        0x2 ff
 .rodata.simConfig_BOARD_BootClockRUN
                0x00003ff8        0x8 ./debug/clock_config.o
                0x00003ff8                simConfig_BOARD_BootClockRUN
 .rodata.oscConfig_BOARD_BootClockRUN
                0x00004000        0x8 ./debug/clock_config.o
                0x00004000                oscConfig_BOARD_BootClockRUN
 .rodata        0x00004008      0x10a ./debug/fsl_clock.o
 *fill*         0x00004112        0x2 ff
 .rodata.fllFactorTable.5230
                0x00004114       0x10 ./debug/fsl_clock.o
 .rodata        0x00004124        0x4 ./debug/fsl_common.o
 .rodata        0x00004128      0x45d ./debug/fsl_lpsci.o
 *fill*         0x00004585        0x3 ff
 .rodata.s_uartBases
                0x00004588        0xc ./debug/fsl_uart.o
 .rodata.s_uartClock
                0x00004594        0xc ./debug/fsl_uart.o
 .rodata        0x000045a0      0x3e8 ./debug/fsl_uart.o
 .rodata        0x00004988      0x206 ./debug/main.o
 *fill*         0x00004b8e        0x2 ff
 .rodata        0x00004b90       0x2f ./debug/led_blink.o
 *fill*         0x00004bbf        0x1 ff
 .rodata        0x00004bc0       0x45 ./debug/memorytest.o
 .rodata._Csys_alloc.str1.1
                0x00004c05       0x18 c:/nxp/mcuxpressoide_11.0.1_2563/ide/plugins/com.nxp.mcuxpresso.tools.win32_11.0.1.201907311258/tools/bin/../lib/gcc/arm-none-eabi/8.2.1/../../../../arm-none-eabi/lib/thumb/v6-m/nofp\libcr_c.a(alloc.o)
 .rodata._initio.str1.1
                0x00004c1d        0x4 c:/nxp/mcuxpressoide_11.0.1_2563/ide/plugins/com.nxp.mcuxpresso.tools.win32_11.0.1.201907311258/tools/bin/../lib/gcc/arm-none-eabi/8.2.1/../../../../arm-none-eabi/lib/thumb/v6-m/nofp\libcr_c.a(initio.o)
 .rodata.__vfprintf.str1.1
                0x00004c21       0x37 c:/nxp/mcuxpressoide_11.0.1_2563/ide/plugins/com.nxp.mcuxpresso.tools.win32_11.0.1.201907311258/tools/bin/../lib/gcc/arm-none-eabi/8.2.1/../../../../arm-none-eabi/lib/thumb/v6-m/nofp\libcr_c.a(printf.o)
                                 0x38 (size before relaxing)
 .rodata.__num_Ciob_streams
                0x00004c58        0x4 c:/nxp/mcuxpressoide_11.0.1_2563/ide/plugins/com.nxp.mcuxpresso.tools.win32_11.0.1.201907311258/tools/bin/../lib/gcc/arm-none-eabi/8.2.1/../../../../arm-none-eabi/lib/thumb/v6-m/nofp\libcr_semihost_nf.a(__ciob.o)
                0x00004c58                __num_Ciob_streams
                0x00004c5c                . = ALIGN (0x4)

.glue_7         0x00004c5c        0x0
 .glue_7        0x00004c5c        0x0 linker stubs

.glue_7t        0x00004c5c        0x0
 .glue_7t       0x00004c5c        0x0 linker stubs

.vfp11_veneer   0x00004c5c        0x0
 .vfp11_veneer  0x00004c5c        0x0 linker stubs

.v4_bx          0x00004c5c        0x0
 .v4_bx         0x00004c5c        0x0 linker stubs

.iplt           0x00004c5c        0x0
 .iplt          0x00004c5c        0x0 ./debug/startup_mkl25z4.o

.rel.dyn        0x00004c5c        0x0
 .rel.iplt      0x00004c5c        0x0 ./debug/startup_mkl25z4.o

.ARM.extab
 *(.ARM.extab* .gnu.linkonce.armextab.*)
                0x00004c5c                __exidx_start = .

.ARM.exidx
 *(.ARM.exidx* .gnu.linkonce.armexidx.*)
                0x00004c5c                __exidx_end = .
                0x00004c5c                _etext = .

.m_usb_data
 *(m_usb_bdt)

.mtb_buffer_default
 *(.mtb*)

.uninit_RESERVED
                0x1ffff000        0x0
 *(.bss.$RESERVED*)
                0x1ffff000                . = ALIGN (0x4)
                0x1ffff000                _end_uninit_RESERVED = .

.data           0x1ffff000        0x8 load address 0x00004c5c
 FILL mask 0xff
                0x1ffff000                _data = .
 *(vtable)
 *(.ramfunc*)
 *(.data*)
 .data.SystemCoreClock
                0x1ffff000        0x4 ./debug/system_MKL25Z4.o
                0x1ffff000                SystemCoreClock
 .data.s_slowIrcFreq
                0x1ffff004        0x4 ./debug/fsl_clock.o
                0x1ffff008                . = ALIGN (0x4)
                0x1ffff008                _edata = .

.igot.plt       0x1ffff008        0x0 load address 0x00004c64
 .igot.plt      0x1ffff008        0x0 ./debug/startup_mkl25z4.o

.bss            0x1ffff008      0x134 load address 0x00004c64
                0x1ffff008                _bss = .
 *(.bss*)
 .bss.g_xtal0Freq
                0x1ffff008        0x4 ./debug/fsl_clock.o
                0x1ffff008                g_xtal0Freq
 .bss.s_lpsciHandle
                0x1ffff00c        0x4 ./debug/fsl_lpsci.o
 .bss.s_lpsciIsr
                0x1ffff010        0x4 ./debug/fsl_lpsci.o
 .bss.s_uartHandle
                0x1ffff014        0xc ./debug/fsl_uart.o
 .bss.s_uartIsr
                0x1ffff020        0x4 ./debug/fsl_uart.o
 .bss.s_debugConsole
                0x1ffff024       0x10 ./debug/fsl_debug_console.o
 .bss.verify_arr
                0x1ffff034       0x40 ./debug/main.o
                0x1ffff034                verify_arr
 .bss.valueLength
                0x1ffff074        0x4 ./debug/main.o
                0x1ffff074                valueLength
 .bss.exceptions
                0x1ffff078        0x1 ./debug/main.o
                0x1ffff078                exceptions
 .bss.logger_status
                0x1ffff079        0x1 ./debug/logger.o
                0x1ffff079                logger_status
 *fill*         0x1ffff07a        0x2 
 .bss.__end_of_heap
                0x1ffff07c        0x4 c:/nxp/mcuxpressoide_11.0.1_2563/ide/plugins/com.nxp.mcuxpresso.tools.win32_11.0.1.201907311258/tools/bin/../lib/gcc/arm-none-eabi/8.2.1/../../../../arm-none-eabi/lib/thumb/v6-m/nofp\libcr_c.a(__init_alloc.o)
                0x1ffff07c                __end_of_heap
 .bss.__heaps   0x1ffff080        0x4 c:/nxp/mcuxpressoide_11.0.1_2563/ide/plugins/com.nxp.mcuxpresso.tools.win32_11.0.1.201907311258/tools/bin/../lib/gcc/arm-none-eabi/8.2.1/../../../../arm-none-eabi/lib/thumb/v6-m/nofp\libcr_c.a(__init_alloc.o)
                0x1ffff080                __heaps
 .bss.errno     0x1ffff084        0x4 c:/nxp/mcuxpressoide_11.0.1_2563/ide/plugins/com.nxp.mcuxpresso.tools.win32_11.0.1.201907311258/tools/bin/../lib/gcc/arm-none-eabi/8.2.1/../../../../arm-none-eabi/lib/thumb/v6-m/nofp\libcr_c.a(errno.o)
                0x1ffff084                errno
 .bss.__Ciob    0x1ffff088       0xb4 c:/nxp/mcuxpressoide_11.0.1_2563/ide/plugins/com.nxp.mcuxpresso.tools.win32_11.0.1.201907311258/tools/bin/../lib/gcc/arm-none-eabi/8.2.1/../../../../arm-none-eabi/lib/thumb/v6-m/nofp\libcr_semihost_nf.a(__ciob.o)
                0x1ffff088                __Ciob
 *(COMMON)
                0x1ffff13c                . = ALIGN (0x4)
                0x1ffff13c                _ebss = .
                [!provide]                PROVIDE (end = .)

.noinit         0x1ffff13c        0x0 load address 0x00004c64
                0x1ffff13c                _noinit = .
 *(.noinit*)
                0x1ffff13c                . = ALIGN (0x4)
                0x1ffff13c                _end_noinit = .

.heap           0x1ffff13c      0x400 load address 0x00004c64
                0x1ffff13c                _pvHeapStart = .
                0x1ffff53c                . = (. + 0x400)
 *fill*         0x1ffff13c      0x400 
                0x1ffff53c                . = ALIGN (0x4)
                0x1ffff53c                _pvHeapLimit = .

.heap2stackfill
                0x1ffff53c      0x400 load address 0x00004c64
                0x1ffff93c                . = (. + 0x400)
 *fill*         0x1ffff53c      0x400 

.stack          0x20002c00        0x0
                0x20002c00                _vStackBase = .
                0x20002c00                . = ALIGN (0x4)
                0x20003000                _vStackTop = (. + 0x400)
OUTPUT(./debug/PESProject3.axf elf32-littlearm)

.debug_info     0x00000000     0x8e9c
 .debug_info    0x00000000      0x4df ./debug/startup_mkl25z4.o
 .debug_info    0x000004df      0x439 ./debug/system_MKL25Z4.o
 .debug_info    0x00000918      0x6fa ./debug/board.o
 .debug_info    0x00001012      0xafe ./debug/clock_config.o
 .debug_info    0x00001b10       0x3c ./debug/peripherals.o
 .debug_info    0x00001b4c      0x5a3 ./debug/pin_mux.o
 .debug_info    0x000020ef     0x1a97 ./debug/fsl_clock.o
 .debug_info    0x00003b86      0x44e ./debug/fsl_common.o
 .debug_info    0x00003fd4     0x1469 ./debug/fsl_lpsci.o
 .debug_info    0x0000543d     0x140a ./debug/fsl_uart.o
 .debug_info    0x00006847      0xe72 ./debug/fsl_debug_console.o
 .debug_info    0x000076b9      0x79b ./debug/main.o
 .debug_info    0x00007e54      0x573 ./debug/led_blink.o
 .debug_info    0x000083c7      0x487 ./debug/logger.o
 .debug_info    0x0000884e      0x4e7 ./debug/memorytest.o
 .debug_info    0x00008d35      0x167 ./debug/pattern_gen.o

.debug_abbrev   0x00000000     0x1e4c
 .debug_abbrev  0x00000000      0x18d ./debug/startup_mkl25z4.o
 .debug_abbrev  0x0000018d      0x156 ./debug/system_MKL25Z4.o
 .debug_abbrev  0x000002e3      0x185 ./debug/board.o
 .debug_abbrev  0x00000468      0x211 ./debug/clock_config.o
 .debug_abbrev  0x00000679       0x31 ./debug/peripherals.o
 .debug_abbrev  0x000006aa      0x1bb ./debug/pin_mux.o
 .debug_abbrev  0x00000865      0x36f ./debug/fsl_clock.o
 .debug_abbrev  0x00000bd4      0x27e ./debug/fsl_common.o
 .debug_abbrev  0x00000e52      0x309 ./debug/fsl_lpsci.o
 .debug_abbrev  0x0000115b      0x323 ./debug/fsl_uart.o
 .debug_abbrev  0x0000147e      0x2d7 ./debug/fsl_debug_console.o
 .debug_abbrev  0x00001755      0x1a9 ./debug/main.o
 .debug_abbrev  0x000018fe      0x198 ./debug/led_blink.o
 .debug_abbrev  0x00001a96      0x155 ./debug/logger.o
 .debug_abbrev  0x00001beb      0x193 ./debug/memorytest.o
 .debug_abbrev  0x00001d7e       0xce ./debug/pattern_gen.o

.debug_aranges  0x00000000      0x870
 .debug_aranges
                0x00000000      0x160 ./debug/startup_mkl25z4.o
 .debug_aranges
                0x00000160       0x28 ./debug/system_MKL25Z4.o
 .debug_aranges
                0x00000188       0x28 ./debug/board.o
 .debug_aranges
                0x000001b0       0x58 ./debug/clock_config.o
 .debug_aranges
                0x00000208       0x20 ./debug/peripherals.o
 .debug_aranges
                0x00000228       0x38 ./debug/pin_mux.o
 .debug_aranges
                0x00000260      0x1d8 ./debug/fsl_clock.o
 .debug_aranges
                0x00000438       0x38 ./debug/fsl_common.o
 .debug_aranges
                0x00000470      0x118 ./debug/fsl_lpsci.o
 .debug_aranges
                0x00000588      0x130 ./debug/fsl_uart.o
 .debug_aranges
                0x000006b8       0x90 ./debug/fsl_debug_console.o
 .debug_aranges
                0x00000748       0x28 ./debug/main.o
 .debug_aranges
                0x00000770       0x40 ./debug/led_blink.o
 .debug_aranges
                0x000007b0       0x48 ./debug/logger.o
 .debug_aranges
                0x000007f8       0x58 ./debug/memorytest.o
 .debug_aranges
                0x00000850       0x20 ./debug/pattern_gen.o

.debug_ranges   0x00000000      0x770
 .debug_ranges  0x00000000      0x150 ./debug/startup_mkl25z4.o
 .debug_ranges  0x00000150       0x18 ./debug/system_MKL25Z4.o
 .debug_ranges  0x00000168       0x18 ./debug/board.o
 .debug_ranges  0x00000180       0x48 ./debug/clock_config.o
 .debug_ranges  0x000001c8       0x10 ./debug/peripherals.o
 .debug_ranges  0x000001d8       0x28 ./debug/pin_mux.o
 .debug_ranges  0x00000200      0x1c8 ./debug/fsl_clock.o
 .debug_ranges  0x000003c8       0x28 ./debug/fsl_common.o
 .debug_ranges  0x000003f0      0x108 ./debug/fsl_lpsci.o
 .debug_ranges  0x000004f8      0x120 ./debug/fsl_uart.o
 .debug_ranges  0x00000618       0x80 ./debug/fsl_debug_console.o
 .debug_ranges  0x00000698       0x18 ./debug/main.o
 .debug_ranges  0x000006b0       0x30 ./debug/led_blink.o
 .debug_ranges  0x000006e0       0x38 ./debug/logger.o
 .debug_ranges  0x00000718       0x48 ./debug/memorytest.o
 .debug_ranges  0x00000760       0x10 ./debug/pattern_gen.o

.debug_macro    0x00000000     0x8ff0
 .debug_macro   0x00000000       0x29 ./debug/startup_mkl25z4.o
 .debug_macro   0x00000029      0xac6 ./debug/startup_mkl25z4.o
 .debug_macro   0x00000aef       0x94 ./debug/system_MKL25Z4.o
 .debug_macro   0x00000b83       0x10 ./debug/system_MKL25Z4.o
 .debug_macro   0x00000b93      0x12e ./debug/system_MKL25Z4.o
 .debug_macro   0x00000cc1      0x5b3 ./debug/system_MKL25Z4.o
 .debug_macro   0x00001274       0x10 ./debug/system_MKL25Z4.o
 .debug_macro   0x00001284       0x3f ./debug/system_MKL25Z4.o
 .debug_macro   0x000012c3       0x3a ./debug/system_MKL25Z4.o
 .debug_macro   0x000012fd       0x26 ./debug/system_MKL25Z4.o
 .debug_macro   0x00001323      0x329 ./debug/system_MKL25Z4.o
 .debug_macro   0x0000164c       0x30 ./debug/system_MKL25Z4.o
 .debug_macro   0x0000167c     0x51e2 ./debug/system_MKL25Z4.o
 .debug_macro   0x0000685e     0x1352 ./debug/system_MKL25Z4.o
 .debug_macro   0x00007bb0      0x112 ./debug/board.o
 .debug_macro   0x00007cc2       0x16 ./debug/board.o
 .debug_macro   0x00007cd8       0x22 ./debug/board.o
 .debug_macro   0x00007cfa       0x3a ./debug/board.o
 .debug_macro   0x00007d34       0xf4 ./debug/board.o
 .debug_macro   0x00007e28       0x35 ./debug/board.o
 .debug_macro   0x00007e5d       0x16 ./debug/board.o
 .debug_macro   0x00007e73       0x10 ./debug/board.o
 .debug_macro   0x00007e83      0x112 ./debug/board.o
 .debug_macro   0x00007f95       0x22 ./debug/board.o
 .debug_macro   0x00007fb7      0x123 ./debug/clock_config.o
 .debug_macro   0x000080da       0x1c ./debug/clock_config.o
 .debug_macro   0x000080f6       0x1b ./debug/peripherals.o
 .debug_macro   0x00008111       0xee ./debug/pin_mux.o
 .debug_macro   0x000081ff       0x10 ./debug/pin_mux.o
 .debug_macro   0x0000820f       0x64 ./debug/pin_mux.o
 .debug_macro   0x00008273      0x196 ./debug/fsl_clock.o
 .debug_macro   0x00008409       0xef ./debug/fsl_common.o
 .debug_macro   0x000084f8       0x1c ./debug/fsl_common.o
 .debug_macro   0x00008514       0xec ./debug/fsl_lpsci.o
 .debug_macro   0x00008600       0xf2 ./debug/fsl_uart.o
 .debug_macro   0x000086f2      0x127 ./debug/fsl_debug_console.o
 .debug_macro   0x00008819       0x16 ./debug/fsl_debug_console.o
 .debug_macro   0x0000882f       0x10 ./debug/fsl_debug_console.o
 .debug_macro   0x0000883f       0x28 ./debug/fsl_debug_console.o
 .debug_macro   0x00008867       0xc4 ./debug/fsl_debug_console.o
 .debug_macro   0x0000892b       0x10 ./debug/fsl_debug_console.o
 .debug_macro   0x0000893b       0x10 ./debug/fsl_debug_console.o
 .debug_macro   0x0000894b      0x199 ./debug/main.o
 .debug_macro   0x00008ae4       0xd8 ./debug/main.o
 .debug_macro   0x00008bbc       0x22 ./debug/main.o
 .debug_macro   0x00008bde      0x137 ./debug/led_blink.o
 .debug_macro   0x00008d15      0x11b ./debug/logger.o
 .debug_macro   0x00008e30       0x10 ./debug/logger.o
 .debug_macro   0x00008e40      0x143 ./debug/memorytest.o
 .debug_macro   0x00008f83       0x6d ./debug/pattern_gen.o

.debug_line     0x00000000     0x5ccc
 .debug_line    0x00000000      0x1e4 ./debug/startup_mkl25z4.o
 .debug_line    0x000001e4      0x33c ./debug/system_MKL25Z4.o
 .debug_line    0x00000520      0x2d7 ./debug/board.o
 .debug_line    0x000007f7      0x36a ./debug/clock_config.o
 .debug_line    0x00000b61       0x59 ./debug/peripherals.o
 .debug_line    0x00000bba      0x2f8 ./debug/pin_mux.o
 .debug_line    0x00000eb2     0x12ab ./debug/fsl_clock.o
 .debug_line    0x0000215d      0x347 ./debug/fsl_common.o
 .debug_line    0x000024a4      0xd2c ./debug/fsl_lpsci.o
 .debug_line    0x000031d0      0xd1b ./debug/fsl_uart.o
 .debug_line    0x00003eeb      0xc0f ./debug/fsl_debug_console.o
 .debug_line    0x00004afa      0x47a ./debug/main.o
 .debug_line    0x00004f74      0x38f ./debug/led_blink.o
 .debug_line    0x00005303      0x353 ./debug/logger.o
 .debug_line    0x00005656      0x43c ./debug/memorytest.o
 .debug_line    0x00005a92      0x23a ./debug/pattern_gen.o

.debug_str      0x00000000    0x35e81
 .debug_str     0x00000000     0x31bc ./debug/startup_mkl25z4.o
                               0x321b (size before relaxing)
 .debug_str     0x000031bc    0x2ccbe ./debug/system_MKL25Z4.o
                              0x2fc8c (size before relaxing)
 .debug_str     0x0002fe7a     0x17db ./debug/board.o
                              0x3141e (size before relaxing)
 .debug_str     0x00031655      0x814 ./debug/clock_config.o
                              0x31250 (size before relaxing)
 .debug_str     0x00031e69       0x3f ./debug/peripherals.o
                               0x2e25 (size before relaxing)
 .debug_str     0x00031ea8      0x548 ./debug/pin_mux.o
                              0x30b64 (size before relaxing)
 .debug_str     0x000323f0     0x1325 ./debug/fsl_clock.o
                              0x32322 (size before relaxing)
 .debug_str     0x00033715      0x2da ./debug/fsl_common.o
                              0x308c0 (size before relaxing)
 .debug_str     0x000339ef      0xb10 ./debug/fsl_lpsci.o
                              0x3192a (size before relaxing)
 .debug_str     0x000344ff      0x93a ./debug/fsl_uart.o
                              0x3194d (size before relaxing)
 .debug_str     0x00034e39      0x995 ./debug/fsl_debug_console.o
                              0x3177f (size before relaxing)
 .debug_str     0x000357ce      0x480 ./debug/main.o
                              0x31ec4 (size before relaxing)
 .debug_str     0x00035c4e       0xa4 ./debug/led_blink.o
                              0x315e0 (size before relaxing)
 .debug_str     0x00035cf2       0x78 ./debug/logger.o
                              0x30eaa (size before relaxing)
 .debug_str     0x00035d6a       0xf6 ./debug/memorytest.o
                              0x30b67 (size before relaxing)
 .debug_str     0x00035e60       0x21 ./debug/pattern_gen.o
                               0x4641 (size before relaxing)

.comment        0x00000000       0x75
 .comment       0x00000000       0x75 ./debug/startup_mkl25z4.o
                                 0x76 (size before relaxing)
 .comment       0x00000075       0x76 ./debug/system_MKL25Z4.o
 .comment       0x00000075       0x76 ./debug/board.o
 .comment       0x00000075       0x76 ./debug/clock_config.o
 .comment       0x00000075       0x76 ./debug/peripherals.o
 .comment       0x00000075       0x76 ./debug/pin_mux.o
 .comment       0x00000075       0x76 ./debug/fsl_clock.o
 .comment       0x00000075       0x76 ./debug/fsl_common.o
 .comment       0x00000075       0x76 ./debug/fsl_lpsci.o
 .comment       0x00000075       0x76 ./debug/fsl_uart.o
 .comment       0x00000075       0x76 ./debug/fsl_debug_console.o
 .comment       0x00000075       0x76 ./debug/main.o
 .comment       0x00000075       0x76 ./debug/led_blink.o
 .comment       0x00000075       0x76 ./debug/logger.o
 .comment       0x00000075       0x76 ./debug/memorytest.o
 .comment       0x00000075       0x76 ./debug/pattern_gen.o
 .comment       0x00000075       0x76 c:/nxp/mcuxpressoide_11.0.1_2563/ide/plugins/com.nxp.mcuxpresso.tools.win32_11.0.1.201907311258/tools/bin/../lib/gcc/arm-none-eabi/8.2.1/../../../../arm-none-eabi/lib/thumb/v6-m/nofp\libcr_semihost_nf.a(_cr__main.o)
 .comment       0x00000075       0x76 c:/nxp/mcuxpressoide_11.0.1_2563/ide/plugins/com.nxp.mcuxpresso.tools.win32_11.0.1.201907311258/tools/bin/../lib/gcc/arm-none-eabi/8.2.1/../../../../arm-none-eabi/lib/thumb/v6-m/nofp\libcr_c.a(memset.o)
 .comment       0x00000075       0x76 c:/nxp/mcuxpressoide_11.0.1_2563/ide/plugins/com.nxp.mcuxpresso.tools.win32_11.0.1.201907311258/tools/bin/../lib/gcc/arm-none-eabi/8.2.1/../../../../arm-none-eabi/lib/thumb/v6-m/nofp\libcr_c.a(alloc.o)
 .comment       0x00000075       0x76 c:/nxp/mcuxpressoide_11.0.1_2563/ide/plugins/com.nxp.mcuxpresso.tools.win32_11.0.1.201907311258/tools/bin/../lib/gcc/arm-none-eabi/8.2.1/../../../../arm-none-eabi/lib/thumb/v6-m/nofp\libcr_c.a(initio.o)
 .comment       0x00000075       0x76 c:/nxp/mcuxpressoide_11.0.1_2563/ide/plugins/com.nxp.mcuxpresso.tools.win32_11.0.1.201907311258/tools/bin/../lib/gcc/arm-none-eabi/8.2.1/../../../../arm-none-eabi/lib/thumb/v6-m/nofp\libcr_c.a(printf.o)
 .comment       0x00000075       0x76 c:/nxp/mcuxpressoide_11.0.1_2563/ide/plugins/com.nxp.mcuxpresso.tools.win32_11.0.1.201907311258/tools/bin/../lib/gcc/arm-none-eabi/8.2.1/../../../../arm-none-eabi/lib/thumb/v6-m/nofp\libcr_c.a(setvbuf.o)
 .comment       0x00000075       0x76 c:/nxp/mcuxpressoide_11.0.1_2563/ide/plugins/com.nxp.mcuxpresso.tools.win32_11.0.1.201907311258/tools/bin/../lib/gcc/arm-none-eabi/8.2.1/../../../../arm-none-eabi/lib/thumb/v6-m/nofp\libcr_c.a(strlen.o)
 .comment       0x00000075       0x76 c:/nxp/mcuxpressoide_11.0.1_2563/ide/plugins/com.nxp.mcuxpresso.tools.win32_11.0.1.201907311258/tools/bin/../lib/gcc/arm-none-eabi/8.2.1/../../../../arm-none-eabi/lib/thumb/v6-m/nofp\libcr_c.a(__init_alloc.o)
 .comment       0x00000075       0x76 c:/nxp/mcuxpressoide_11.0.1_2563/ide/plugins/com.nxp.mcuxpresso.tools.win32_11.0.1.201907311258/tools/bin/../lib/gcc/arm-none-eabi/8.2.1/../../../../arm-none-eabi/lib/thumb/v6-m/nofp\libcr_c.a(_cr_sbrk.o)
 .comment       0x00000075       0x76 c:/nxp/mcuxpressoide_11.0.1_2563/ide/plugins/com.nxp.mcuxpresso.tools.win32_11.0.1.201907311258/tools/bin/../lib/gcc/arm-none-eabi/8.2.1/../../../../arm-none-eabi/lib/thumb/v6-m/nofp\libcr_c.a(_deferredlazyseek.o)
 .comment       0x00000075       0x76 c:/nxp/mcuxpressoide_11.0.1_2563/ide/plugins/com.nxp.mcuxpresso.tools.win32_11.0.1.201907311258/tools/bin/../lib/gcc/arm-none-eabi/8.2.1/../../../../arm-none-eabi/lib/thumb/v6-m/nofp\libcr_c.a(_fdopen.o)
 .comment       0x00000075       0x76 c:/nxp/mcuxpressoide_11.0.1_2563/ide/plugins/com.nxp.mcuxpresso.tools.win32_11.0.1.201907311258/tools/bin/../lib/gcc/arm-none-eabi/8.2.1/../../../../arm-none-eabi/lib/thumb/v6-m/nofp\libcr_c.a(_fflush.o)
 .comment       0x00000075       0x76 c:/nxp/mcuxpressoide_11.0.1_2563/ide/plugins/com.nxp.mcuxpresso.tools.win32_11.0.1.201907311258/tools/bin/../lib/gcc/arm-none-eabi/8.2.1/../../../../arm-none-eabi/lib/thumb/v6-m/nofp\libcr_c.a(_writebuf.o)
 .comment       0x00000075       0x76 c:/nxp/mcuxpressoide_11.0.1_2563/ide/plugins/com.nxp.mcuxpresso.tools.win32_11.0.1.201907311258/tools/bin/../lib/gcc/arm-none-eabi/8.2.1/../../../../arm-none-eabi/lib/thumb/v6-m/nofp\libcr_c.a(errno.o)
 .comment       0x00000075       0x76 c:/nxp/mcuxpressoide_11.0.1_2563/ide/plugins/com.nxp.mcuxpresso.tools.win32_11.0.1.201907311258/tools/bin/../lib/gcc/arm-none-eabi/8.2.1/../../../../arm-none-eabi/lib/thumb/v6-m/nofp\libcr_c.a(fclose.o)
 .comment       0x00000075       0x76 c:/nxp/mcuxpressoide_11.0.1_2563/ide/plugins/com.nxp.mcuxpresso.tools.win32_11.0.1.201907311258/tools/bin/../lib/gcc/arm-none-eabi/8.2.1/../../../../arm-none-eabi/lib/thumb/v6-m/nofp\libcr_c.a(fflush.o)
 .comment       0x00000075       0x76 c:/nxp/mcuxpressoide_11.0.1_2563/ide/plugins/com.nxp.mcuxpresso.tools.win32_11.0.1.201907311258/tools/bin/../lib/gcc/arm-none-eabi/8.2.1/../../../../arm-none-eabi/lib/thumb/v6-m/nofp\libcr_c.a(fseek.o)
 .comment       0x00000075       0x76 c:/nxp/mcuxpressoide_11.0.1_2563/ide/plugins/com.nxp.mcuxpresso.tools.win32_11.0.1.201907311258/tools/bin/../lib/gcc/arm-none-eabi/8.2.1/../../../../arm-none-eabi/lib/thumb/v6-m/nofp\libcr_c.a(ftell.o)
 .comment       0x00000075       0x76 c:/nxp/mcuxpressoide_11.0.1_2563/ide/plugins/com.nxp.mcuxpresso.tools.win32_11.0.1.201907311258/tools/bin/../lib/gcc/arm-none-eabi/8.2.1/../../../../arm-none-eabi/lib/thumb/v6-m/nofp\libcr_c.a(remove.o)
 .comment       0x00000075       0x76 c:/nxp/mcuxpressoide_11.0.1_2563/ide/plugins/com.nxp.mcuxpresso.tools.win32_11.0.1.201907311258/tools/bin/../lib/gcc/arm-none-eabi/8.2.1/../../../../arm-none-eabi/lib/thumb/v6-m/nofp\libcr_c.a(_cr_check_heap.o)
 .comment       0x00000075       0x76 c:/nxp/mcuxpressoide_11.0.1_2563/ide/plugins/com.nxp.mcuxpresso.tools.win32_11.0.1.201907311258/tools/bin/../lib/gcc/arm-none-eabi/8.2.1/../../../../arm-none-eabi/lib/thumb/v6-m/nofp\libcr_c.a(_do_fflush.o)
 .comment       0x00000075       0x76 c:/nxp/mcuxpressoide_11.0.1_2563/ide/plugins/com.nxp.mcuxpresso.tools.win32_11.0.1.201907311258/tools/bin/../lib/gcc/arm-none-eabi/8.2.1/../../../../arm-none-eabi/lib/thumb/v6-m/nofp\libcr_semihost_nf.a(__ciob.o)

.ARM.attributes
                0x00000000       0x2a
 .ARM.attributes
                0x00000000       0x2c ./debug/startup_mkl25z4.o
 .ARM.attributes
                0x0000002c       0x2c ./debug/system_MKL25Z4.o
 .ARM.attributes
                0x00000058       0x2c ./debug/board.o
 .ARM.attributes
                0x00000084       0x2c ./debug/clock_config.o
 .ARM.attributes
                0x000000b0       0x2c ./debug/peripherals.o
 .ARM.attributes
                0x000000dc       0x2c ./debug/pin_mux.o
 .ARM.attributes
                0x00000108       0x2c ./debug/fsl_clock.o
 .ARM.attributes
                0x00000134       0x2c ./debug/fsl_common.o
 .ARM.attributes
                0x00000160       0x2c ./debug/fsl_lpsci.o
 .ARM.attributes
                0x0000018c       0x2c ./debug/fsl_uart.o
 .ARM.attributes
                0x000001b8       0x2c ./debug/fsl_debug_console.o
 .ARM.attributes
                0x000001e4       0x2c ./debug/main.o
 .ARM.attributes
                0x00000210       0x2c ./debug/led_blink.o
 .ARM.attributes
                0x0000023c       0x2c ./debug/logger.o
 .ARM.attributes
                0x00000268       0x2c ./debug/memorytest.o
 .ARM.attributes
                0x00000294       0x2c ./debug/pattern_gen.o
 .ARM.attributes
                0x000002c0       0x2c c:/nxp/mcuxpressoide_11.0.1_2563/ide/plugins/com.nxp.mcuxpresso.tools.win32_11.0.1.201907311258/tools/bin/../lib/gcc/arm-none-eabi/8.2.1/../../../../arm-none-eabi/lib/thumb/v6-m/nofp\libcr_semihost_nf.a(_cr__main.o)
 .ARM.attributes
                0x000002ec       0x2c c:/nxp/mcuxpressoide_11.0.1_2563/ide/plugins/com.nxp.mcuxpresso.tools.win32_11.0.1.201907311258/tools/bin/../lib/gcc/arm-none-eabi/8.2.1/../../../../arm-none-eabi/lib/thumb/v6-m/nofp\libcr_c.a(memset.o)
 .ARM.attributes
                0x00000318       0x2c c:/nxp/mcuxpressoide_11.0.1_2563/ide/plugins/com.nxp.mcuxpresso.tools.win32_11.0.1.201907311258/tools/bin/../lib/gcc/arm-none-eabi/8.2.1/../../../../arm-none-eabi/lib/thumb/v6-m/nofp\libcr_c.a(alloc.o)
 .ARM.attributes
                0x00000344       0x2c c:/nxp/mcuxpressoide_11.0.1_2563/ide/plugins/com.nxp.mcuxpresso.tools.win32_11.0.1.201907311258/tools/bin/../lib/gcc/arm-none-eabi/8.2.1/../../../../arm-none-eabi/lib/thumb/v6-m/nofp\libcr_c.a(initio.o)
 .ARM.attributes
                0x00000370       0x2c c:/nxp/mcuxpressoide_11.0.1_2563/ide/plugins/com.nxp.mcuxpresso.tools.win32_11.0.1.201907311258/tools/bin/../lib/gcc/arm-none-eabi/8.2.1/../../../../arm-none-eabi/lib/thumb/v6-m/nofp\libcr_c.a(printf.o)
 .ARM.attributes
                0x0000039c       0x2c c:/nxp/mcuxpressoide_11.0.1_2563/ide/plugins/com.nxp.mcuxpresso.tools.win32_11.0.1.201907311258/tools/bin/../lib/gcc/arm-none-eabi/8.2.1/../../../../arm-none-eabi/lib/thumb/v6-m/nofp\libcr_c.a(setvbuf.o)
 .ARM.attributes
                0x000003c8       0x2c c:/nxp/mcuxpressoide_11.0.1_2563/ide/plugins/com.nxp.mcuxpresso.tools.win32_11.0.1.201907311258/tools/bin/../lib/gcc/arm-none-eabi/8.2.1/../../../../arm-none-eabi/lib/thumb/v6-m/nofp\libcr_c.a(strlen.o)
 .ARM.attributes
                0x000003f4       0x2c c:/nxp/mcuxpressoide_11.0.1_2563/ide/plugins/com.nxp.mcuxpresso.tools.win32_11.0.1.201907311258/tools/bin/../lib/gcc/arm-none-eabi/8.2.1/../../../../arm-none-eabi/lib/thumb/v6-m/nofp\libcr_c.a(__init_alloc.o)
 .ARM.attributes
                0x00000420       0x2c c:/nxp/mcuxpressoide_11.0.1_2563/ide/plugins/com.nxp.mcuxpresso.tools.win32_11.0.1.201907311258/tools/bin/../lib/gcc/arm-none-eabi/8.2.1/../../../../arm-none-eabi/lib/thumb/v6-m/nofp\libcr_c.a(_cr_sbrk.o)
 .ARM.attributes
                0x0000044c       0x2c c:/nxp/mcuxpressoide_11.0.1_2563/ide/plugins/com.nxp.mcuxpresso.tools.win32_11.0.1.201907311258/tools/bin/../lib/gcc/arm-none-eabi/8.2.1/../../../../arm-none-eabi/lib/thumb/v6-m/nofp\libcr_c.a(_deferredlazyseek.o)
 .ARM.attributes
                0x00000478       0x2c c:/nxp/mcuxpressoide_11.0.1_2563/ide/plugins/com.nxp.mcuxpresso.tools.win32_11.0.1.201907311258/tools/bin/../lib/gcc/arm-none-eabi/8.2.1/../../../../arm-none-eabi/lib/thumb/v6-m/nofp\libcr_c.a(_fdopen.o)
 .ARM.attributes
                0x000004a4       0x2c c:/nxp/mcuxpressoide_11.0.1_2563/ide/plugins/com.nxp.mcuxpresso.tools.win32_11.0.1.201907311258/tools/bin/../lib/gcc/arm-none-eabi/8.2.1/../../../../arm-none-eabi/lib/thumb/v6-m/nofp\libcr_c.a(_fflush.o)
 .ARM.attributes
                0x000004d0       0x2c c:/nxp/mcuxpressoide_11.0.1_2563/ide/plugins/com.nxp.mcuxpresso.tools.win32_11.0.1.201907311258/tools/bin/../lib/gcc/arm-none-eabi/8.2.1/../../../../arm-none-eabi/lib/thumb/v6-m/nofp\libcr_c.a(_writebuf.o)
 .ARM.attributes
                0x000004fc       0x31 c:/nxp/mcuxpressoide_11.0.1_2563/ide/plugins/com.nxp.mcuxpresso.tools.win32_11.0.1.201907311258/tools/bin/../lib/gcc/arm-none-eabi/8.2.1/../../../../arm-none-eabi/lib/thumb/v6-m/nofp\libcr_c.a(errno.o)
 .ARM.attributes
                0x0000052d       0x2c c:/nxp/mcuxpressoide_11.0.1_2563/ide/plugins/com.nxp.mcuxpresso.tools.win32_11.0.1.201907311258/tools/bin/../lib/gcc/arm-none-eabi/8.2.1/../../../../arm-none-eabi/lib/thumb/v6-m/nofp\libcr_c.a(fclose.o)
 .ARM.attributes
                0x00000559       0x2c c:/nxp/mcuxpressoide_11.0.1_2563/ide/plugins/com.nxp.mcuxpresso.tools.win32_11.0.1.201907311258/tools/bin/../lib/gcc/arm-none-eabi/8.2.1/../../../../arm-none-eabi/lib/thumb/v6-m/nofp\libcr_c.a(fflush.o)
 .ARM.attributes
                0x00000585       0x2c c:/nxp/mcuxpressoide_11.0.1_2563/ide/plugins/com.nxp.mcuxpresso.tools.win32_11.0.1.201907311258/tools/bin/../lib/gcc/arm-none-eabi/8.2.1/../../../../arm-none-eabi/lib/thumb/v6-m/nofp\libcr_c.a(fseek.o)
 .ARM.attributes
                0x000005b1       0x2c c:/nxp/mcuxpressoide_11.0.1_2563/ide/plugins/com.nxp.mcuxpresso.tools.win32_11.0.1.201907311258/tools/bin/../lib/gcc/arm-none-eabi/8.2.1/../../../../arm-none-eabi/lib/thumb/v6-m/nofp\libcr_c.a(ftell.o)
 .ARM.attributes
                0x000005dd       0x2c c:/nxp/mcuxpressoide_11.0.1_2563/ide/plugins/com.nxp.mcuxpresso.tools.win32_11.0.1.201907311258/tools/bin/../lib/gcc/arm-none-eabi/8.2.1/../../../../arm-none-eabi/lib/thumb/v6-m/nofp\libcr_c.a(remove.o)
 .ARM.attributes
                0x00000609       0x2c c:/nxp/mcuxpressoide_11.0.1_2563/ide/plugins/com.nxp.mcuxpresso.tools.win32_11.0.1.201907311258/tools/bin/../lib/gcc/arm-none-eabi/8.2.1/../../../../arm-none-eabi/lib/thumb/v6-m/nofp\libcr_c.a(_cr_check_heap.o)
 .ARM.attributes
                0x00000635       0x2c c:/nxp/mcuxpressoide_11.0.1_2563/ide/plugins/com.nxp.mcuxpresso.tools.win32_11.0.1.201907311258/tools/bin/../lib/gcc/arm-none-eabi/8.2.1/../../../../arm-none-eabi/lib/thumb/v6-m/nofp\libcr_c.a(_do_fflush.o)
 .ARM.attributes
                0x00000661       0x1c c:/nxp/mcuxpressoide_11.0.1_2563/ide/plugins/com.nxp.mcuxpresso.tools.win32_11.0.1.201907311258/tools/bin/../lib/gcc/arm-none-eabi/8.2.1/thumb/v6-m/nofp\libcr_eabihelpers.a(division_32.o)
 .ARM.attributes
                0x0000067d       0x1c c:/nxp/mcuxpressoide_11.0.1_2563/ide/plugins/com.nxp.mcuxpresso.tools.win32_11.0.1.201907311258/tools/bin/../lib/gcc/arm-none-eabi/8.2.1/thumb/v6-m/nofp\libcr_eabihelpers.a(division_idiv0.o)
 .ARM.attributes
                0x00000699       0x1c c:/nxp/mcuxpressoide_11.0.1_2563/ide/plugins/com.nxp.mcuxpresso.tools.win32_11.0.1.201907311258/tools/bin/../lib/gcc/arm-none-eabi/8.2.1/thumb/v6-m/nofp\libcr_eabihelpers.a(llong.o)
 .ARM.attributes
                0x000006b5       0x1c c:/nxp/mcuxpressoide_11.0.1_2563/ide/plugins/com.nxp.mcuxpresso.tools.win32_11.0.1.201907311258/tools/bin/../lib/gcc/arm-none-eabi/8.2.1/thumb/v6-m/nofp\libcr_eabihelpers.a(memcpy.o)
 .ARM.attributes
                0x000006d1       0x31 c:/nxp/mcuxpressoide_11.0.1_2563/ide/plugins/com.nxp.mcuxpresso.tools.win32_11.0.1.201907311258/tools/bin/../lib/gcc/arm-none-eabi/8.2.1/../../../../arm-none-eabi/lib/thumb/v6-m/nofp\libcr_semihost_nf.a(__ciob.o)
 .ARM.attributes
                0x00000702       0x1c c:/nxp/mcuxpressoide_11.0.1_2563/ide/plugins/com.nxp.mcuxpresso.tools.win32_11.0.1.201907311258/tools/bin/../lib/gcc/arm-none-eabi/8.2.1/../../../../arm-none-eabi/lib/thumb/v6-m/nofp\libcr_semihost_nf.a(__sys_appexit.o)
 .ARM.attributes
                0x0000071e       0x1c c:/nxp/mcuxpressoide_11.0.1_2563/ide/plugins/com.nxp.mcuxpresso.tools.win32_11.0.1.201907311258/tools/bin/../lib/gcc/arm-none-eabi/8.2.1/../../../../arm-none-eabi/lib/thumb/v6-m/nofp\libcr_semihost_nf.a(__sys_close.o)
 .ARM.attributes
                0x0000073a       0x1c c:/nxp/mcuxpressoide_11.0.1_2563/ide/plugins/com.nxp.mcuxpresso.tools.win32_11.0.1.201907311258/tools/bin/../lib/gcc/arm-none-eabi/8.2.1/../../../../arm-none-eabi/lib/thumb/v6-m/nofp\libcr_semihost_nf.a(__sys_flen.o)
 .ARM.attributes
                0x00000756       0x1c c:/nxp/mcuxpressoide_11.0.1_2563/ide/plugins/com.nxp.mcuxpresso.tools.win32_11.0.1.201907311258/tools/bin/../lib/gcc/arm-none-eabi/8.2.1/../../../../arm-none-eabi/lib/thumb/v6-m/nofp\libcr_semihost_nf.a(__sys_istty.o)
 .ARM.attributes
                0x00000772       0x1c c:/nxp/mcuxpressoide_11.0.1_2563/ide/plugins/com.nxp.mcuxpresso.tools.win32_11.0.1.201907311258/tools/bin/../lib/gcc/arm-none-eabi/8.2.1/../../../../arm-none-eabi/lib/thumb/v6-m/nofp\libcr_semihost_nf.a(__sys_remove.o)
 .ARM.attributes
                0x0000078e       0x1c c:/nxp/mcuxpressoide_11.0.1_2563/ide/plugins/com.nxp.mcuxpresso.tools.win32_11.0.1.201907311258/tools/bin/../lib/gcc/arm-none-eabi/8.2.1/../../../../arm-none-eabi/lib/thumb/v6-m/nofp\libcr_semihost_nf.a(__sys_seek.o)
 .ARM.attributes
                0x000007aa       0x1c c:/nxp/mcuxpressoide_11.0.1_2563/ide/plugins/com.nxp.mcuxpresso.tools.win32_11.0.1.201907311258/tools/bin/../lib/gcc/arm-none-eabi/8.2.1/../../../../arm-none-eabi/lib/thumb/v6-m/nofp\libcr_semihost_nf.a(__sys_tmpnam.o)
 .ARM.attributes
                0x000007c6       0x1c c:/nxp/mcuxpressoide_11.0.1_2563/ide/plugins/com.nxp.mcuxpresso.tools.win32_11.0.1.201907311258/tools/bin/../lib/gcc/arm-none-eabi/8.2.1/../../../../arm-none-eabi/lib/thumb/v6-m/nofp\libcr_semihost_nf.a(__sys_write.o)

.debug_frame    0x00000000     0x1af0
 .debug_frame   0x00000000      0x3b0 ./debug/startup_mkl25z4.o
 .debug_frame   0x000003b0       0x4c ./debug/system_MKL25Z4.o
 .debug_frame   0x000003fc       0x50 ./debug/board.o
 .debug_frame   0x0000044c      0x100 ./debug/clock_config.o
 .debug_frame   0x0000054c       0x2c ./debug/peripherals.o
 .debug_frame   0x00000578       0x88 ./debug/pin_mux.o
 .debug_frame   0x00000600      0x6e0 ./debug/fsl_clock.o
 .debug_frame   0x00000ce0       0x90 ./debug/fsl_common.o
 .debug_frame   0x00000d70      0x418 ./debug/fsl_lpsci.o
 .debug_frame   0x00001188      0x468 ./debug/fsl_uart.o
 .debug_frame   0x000015f0      0x1f0 ./debug/fsl_debug_console.o
 .debug_frame   0x000017e0       0x54 ./debug/main.o
 .debug_frame   0x00001834       0xb0 ./debug/led_blink.o
 .debug_frame   0x000018e4       0xc4 ./debug/logger.o
 .debug_frame   0x000019a8      0x114 ./debug/memorytest.o
 .debug_frame   0x00001abc       0x34 ./debug/pattern_gen.o
